C51 COMPILER V9.60.0.0   IIC                                                               04/05/2023 22:29:12 PAGE 1   


C51 COMPILER V9.60.0.0, COMPILATION OF MODULE IIC
OBJECT MODULE PLACED IN ..\iic.obj
COMPILER INVOKED BY: D:\software\keil\C51\BIN\C51.EXE ..\sourse\iic.c OPTIMIZE(8,SPEED) BROWSE INCDIR(..\sourse) DEBUG O
                    -BJECTEXTEND PRINT(.\Listings\iic.lst) TABS(2) OBJECT(..\iic.obj)

line level    source

   1          #include "head.h"
   2          
   3          #define DELAY_TIME  5
   4          
   5          //
   6          static void I2C_Delay(unsigned char n)
   7          {
   8   1          do
   9   1          {_nop_();}
  10   1          while(n--);       
  11   1      }
  12          
  13          //
  14          void I2CStart(void)
  15          {
  16   1          SDA = 1;
  17   1          scl = 1;
  18   1        I2C_Delay(DELAY_TIME);
  19   1          SDA = 0;
  20   1        I2C_Delay(DELAY_TIME);
  21   1          scl = 0;    
  22   1      }
  23          
  24          //
  25          void I2CStop(void)
  26          {
  27   1          SDA = 0;
  28   1          scl = 1;
  29   1        I2C_Delay(DELAY_TIME);
  30   1          SDA = 1;
  31   1        I2C_Delay(DELAY_TIME);
  32   1      }
  33          
  34          //
  35          void I2CSendByte(unsigned char byt)
  36          {
  37   1          unsigned char i;
  38   1        
  39   1          for(i=0; i<8; i++){
  40   2              scl = 0;
  41   2          I2C_Delay(DELAY_TIME);
  42   2              if(byt & 0x80){
  43   3                  SDA = 1;
  44   3              }
  45   2              else{
  46   3                  SDA = 0;
  47   3              }
  48   2          I2C_Delay(DELAY_TIME);
  49   2              scl = 1;
  50   2              byt <<= 1;
  51   2          I2C_Delay(DELAY_TIME);
  52   2          }
  53   1        
  54   1          scl = 0;  
C51 COMPILER V9.60.0.0   IIC                                                               04/05/2023 22:29:12 PAGE 2   

  55   1      }
  56          
  57          //
  58          unsigned char I2CReceiveByte(void)
  59          {
  60   1        unsigned char da;
  61   1        unsigned char i;
  62   1        for(i=0;i<8;i++){   
  63   2          scl = 1;
  64   2          I2C_Delay(DELAY_TIME);
  65   2          da <<= 1;
  66   2          if(SDA) 
  67   2            da |= 0x01;
  68   2          scl = 0;
  69   2          I2C_Delay(DELAY_TIME);
  70   2        }
  71   1        return da;    
  72   1      }
  73          
  74          //
  75          unsigned char I2CWaitAck(void)
  76          {
  77   1        unsigned char ackbit;
  78   1        
  79   1          scl = 1;
  80   1        I2C_Delay(DELAY_TIME);
  81   1          ackbit = SDA; 
  82   1          scl = 0;
  83   1        I2C_Delay(DELAY_TIME);
  84   1        
  85   1        return ackbit;
  86   1      }
  87          
  88          //
  89          void I2CSendAck(unsigned char ackbit)
  90          {
  91   1          scl = 0;
  92   1          SDA = ackbit; 
  93   1        I2C_Delay(DELAY_TIME);
  94   1          scl = 1;
  95   1        I2C_Delay(DELAY_TIME);
  96   1          scl = 0; 
  97   1        SDA = 1;
  98   1        I2C_Delay(DELAY_TIME);
  99   1      }
 100          


MODULE INFORMATION:   STATIC OVERLAYABLE
   CODE SIZE        =    172    ----
   CONSTANT SIZE    =   ----    ----
   XDATA SIZE       =   ----    ----
   PDATA SIZE       =   ----    ----
   DATA SIZE        =   ----    ----
   IDATA SIZE       =   ----    ----
   BIT SIZE         =   ----    ----
END OF MODULE INFORMATION.


C51 COMPILATION COMPLETE.  0 WARNING(S),  0 ERROR(S)
