C51 COMPILER V9.60.0.0   SMG                                                               04/06/2023 17:03:49 PAGE 1   


C51 COMPILER V9.60.0.0, COMPILATION OF MODULE SMG
OBJECT MODULE PLACED IN ..\SMG.obj
COMPILER INVOKED BY: D:\software\keil\C51\BIN\C51.EXE ..\sourse\SMG.c OPTIMIZE(8,SPEED) BROWSE INCDIR(..\sourse) DEBUG O
                    -BJECTEXTEND PRINT(.\Listings\SMG.lst) TABS(2) OBJECT(..\SMG.obj)

line level    source

   1          #include "head.h"
   2          
   3          
   4          unsigned char adr,dat;
   5          unsigned char refer = 23;
   6          
   7          
   8          unsigned char code Seg_Table[19] = 
   9          {
  10          0xc0, //0
  11          0xf9, //1
  12          0xa4, //2
  13          0xb0, //3
  14          0x99, //4
  15          0x92, //5
  16          0x82, //6
  17          0xf8, //7
  18          0x80, //8
  19          0x90, //9
  20          0x88, //A
  21          0x83, //b
  22          0xc6, //C
  23          0xa1, //d
  24          0x86, //E
  25          0x8e, //F
  26          0xbf, //-
  27          0x7f,
  28          0xff
  29          };
  30          
  31          
  32          unsigned char code SMG_adr[8] = {0x01,0x02,0x04,0x08,0x10,0x20,0x40,0x80};
  33          
  34          
  35          
  36          
  37          
  38          
  39          void ds18b20_show()
  40          {
  41   1        static unsigned char i;
  42   1        
  43   1      
  44   1        
  45   1        i ++;
  46   1        if(i == 5)
  47   1        i = 1;
  48   1        
  49   1        switch(i)
  50   1        {
  51   2          case 1:
  52   2            adr = 5;
  53   2            dat = temper / 100;
  54   2          break;
C51 COMPILER V9.60.0.0   SMG                                                               04/06/2023 17:03:49 PAGE 2   

  55   2          
  56   2          case 2:
  57   2            adr = 6;
  58   2            dat = temper / 10 % 10;
  59   2          break;
  60   2              
  61   2          case 3:
  62   2            adr = 6;
  63   2            dat = 17;
  64   2          break;
  65   2                  
  66   2          case 4:
  67   2            adr = 7;
  68   2            dat = temper % 10;
  69   2          break;
  70   2                      
  71   2            
  72   2        }
  73   1        SMG_config(SMG_adr[adr],Seg_Table[dat]);
  74   1      }
  75          
  76          
  77          
  78          
  79          
  80          
  81          void ds1302_show()
  82          {
  83   1        static unsigned char i;
  84   1        unsigned dat1, dat2,dat3;
  85   1      
  86   1        dat1 = (Time[2] >> 4)*10 +(Time[2] & 0x0f);
  87   1        dat2 = (Time[1] >> 4)*10 +(Time[1] & 0x0f);
  88   1        dat3 = (Time[0] >> 4)*10 +(Time[0] & 0x0f);
  89   1        
  90   1        i ++;
  91   1        if(i == 9)
  92   1        i = 1;
  93   1        
  94   1        switch(i)
  95   1        {
  96   2          case 1:
  97   2            adr = 0;
  98   2            dat = dat1 / 10;
  99   2          break;
 100   2          
 101   2          case 2:
 102   2            adr = 1;
 103   2            dat = dat1 % 10;
 104   2          break;
 105   2              
 106   2          case 3:
 107   2            adr = 2;
 108   2            dat = 16;
 109   2          break;
 110   2                  
 111   2          case 4:
 112   2            adr = 3;
 113   2            dat = dat2 / 10;
 114   2          break;
 115   2          
 116   2          case 5:
C51 COMPILER V9.60.0.0   SMG                                                               04/06/2023 17:03:49 PAGE 3   

 117   2            adr = 4;
 118   2            dat = dat2 % 10;
 119   2          break;
 120   2          
 121   2          case 6:
 122   2            adr = 5;
 123   2            dat = 16;
 124   2          break;
 125   2              
 126   2          case 7:
 127   2            adr = 6;
 128   2            dat = dat3 / 10;
 129   2          break;
 130   2                  
 131   2          case 8:
 132   2            adr = 7;
 133   2            dat = dat3 % 10;
 134   2          break;
 135   2                      
 136   2            
 137   2        }
 138   1        SMG_config(SMG_adr[adr],Seg_Table[dat]);
 139   1      }
 140          
 141          
 142          
 143          
 144          
 145          void refer_show()
 146          {
 147   1        static unsigned char i;
 148   1        
 149   1      
 150   1        
 151   1        i ++;
 152   1        if(i == 3)
 153   1        i = 1;
 154   1        
 155   1        switch(i)
 156   1        {
 157   2          case 1:
 158   2            adr = 6;
 159   2            dat = refer / 10;
 160   2          break;
 161   2          
 162   2          case 2:
 163   2            adr = 7;
 164   2            dat = refer % 10;
 165   2          break;
 166   2              
 167   2                  
 168   2                      
 169   2            
 170   2        }
 171   1        SMG_config(SMG_adr[adr],Seg_Table[dat]);
 172   1      }
 173          
 174          
 175          
 176          
 177          
 178          
C51 COMPILER V9.60.0.0   SMG                                                               04/06/2023 17:03:49 PAGE 4   

 179          void ADC_show()
 180          {
 181   1        unsigned char adrr,datt;
 182   1        
 183   1        static char i;
 184   1        i ++;
 185   1        if(i == 5)
 186   1        i = 1;
 187   1        switch(i)
 188   1        {
 189   2          case 1:
 190   2            adrr = 5;
 191   2            datt = adc_volt / 100;
 192   2          break;
 193   2          
 194   2          case 2:
 195   2            adrr = 5;
 196   2            datt = 17;
 197   2          break;
 198   2              
 199   2          case 3:
 200   2            adrr = 6;
 201   2            datt = adc_volt/ 10 % 10;
 202   2          break;
 203   2                  
 204   2          case 4:
 205   2            adrr = 7;
 206   2            datt = adc_volt % 10;
 207   2          break;
 208   2        
 209   2        }
 210   1        SMG_config(SMG_adr[adrr],Seg_Table[datt]);
 211   1      
 212   1      }
 213          
 214          
 215          //void Delay1ms()   //@11.0592MHz
 216          //{
 217          //  unsigned char i, j;
 218          
 219          //  _nop_();
 220          //  _nop_();
 221          //  _nop_();
 222          //  i = 11;
 223          //  j = 190;
 224          //  do
 225          //  {
 226          //    while (--j);
 227          //  } while (--i);
 228          //}
 229          
 230          
 231          //void kk()
 232          //{
 233          
 234          //  SMG_config(SMG_adr[0],Seg_Table[18]);
 235          //  Delay1ms();
 236          //  
 237          //  SMG_config(SMG_adr[1],Seg_Table[18]);
 238          //  Delay1ms();
 239          //  
 240          //  SMG_config(SMG_adr[2],Seg_Table[18]);
C51 COMPILER V9.60.0.0   SMG                                                               04/06/2023 17:03:49 PAGE 5   

 241          //  Delay1ms();
 242          //  
 243          //  SMG_config(SMG_adr[3],Seg_Table[18]);
 244          //  Delay1ms();
 245          //  
 246          //  SMG_config(SMG_adr[4],Seg_Table[18]);
 247          //  Delay1ms();
 248          //  
 249          //  SMG_config(SMG_adr[5],Seg_Table[dat_ADC / 100 % 10]);
 250          //  Delay1ms();
 251          //  
 252          //  SMG_config(SMG_adr[5],Seg_Table[17]);
 253          //  Delay1ms();
 254          //  
 255          //  SMG_config(SMG_adr[6],Seg_Table[dat_ADC / 10 % 10]);
 256          //  Delay1ms();
 257          //  
 258          //  SMG_config(SMG_adr[7],Seg_Table[dat_ADC % 10]);
 259          //  Delay1ms();
 260          
 261          
 262          
 263          //}
 264          


MODULE INFORMATION:   STATIC OVERLAYABLE
   CODE SIZE        =    501    ----
   CONSTANT SIZE    =     27    ----
   XDATA SIZE       =   ----    ----
   PDATA SIZE       =   ----    ----
   DATA SIZE        =      7       6
   IDATA SIZE       =   ----    ----
   BIT SIZE         =   ----    ----
END OF MODULE INFORMATION.


C51 COMPILATION COMPLETE.  0 WARNING(S),  0 ERROR(S)
